=== EasySTAT 执行日志 [2025-12-26 11:40:28] ===

[2025-12-26T11:40:29.109847] [TASK_START] 任务开始: search_stock_code_task
--------------------------------------------------
[2025-12-26T11:40:29.110612] [AGENT_START] 智能体: 金融数据采集专家
任务: 【用户原始需求】分析茅台股票
当用户提供股票名称（如"茅台"、"平安银行"）而非代码时，使用股票搜索工具查找对应代码。 这是后续所有采集任务的基础，必须首先执行。
--------------------------------------------------
[2025-12-26T11:40:38.227444] [TOOL_START] 工具: 股票代码搜索工具
参数: {}
--------------------------------------------------
[2025-12-26T11:40:38.246453] [TOOL_FINISH] 工具: 股票代码搜索工具
结果: [{"代码": "600519", "名称": "贵州茅台", "最新价": 1400.9, "涨跌幅": -0.49}]...
--------------------------------------------------
[2025-12-26T11:40:40.483543] [AGENT_COMPLETE] 智能体: 金融数据采集专家
输出: [{"代码": "600519", "名称": "贵州茅台", "最新价": 1400.9}]...
--------------------------------------------------
[2025-12-26T11:40:40.491664] [TASK_COMPLETE] 任务完成: search_stock_code_task
--------------------------------------------------
[2025-12-26T11:40:40.492740] [TASK_START] 任务开始: fetch_capital_flow_task
--------------------------------------------------
[2025-12-26T11:40:40.498526] [AGENT_START] 智能体: 金融数据采集专家
任务: 【用户原始需求】分析茅台股票
直接使用 search_stock_code_task 获取的确切股票代码。 你必须将股票代码作为 'stock_code' 参数传递给资金流采集工具。 默认参数：flow_type="Stock_Flow", market_type="All_Stocks", period="today"。 工具会返回一个混合数据结构（Hybrid Data），包含该股票的详细数据和市场热度排行。
--------------------------------------------------
[2025-12-26T11:41:02.336114] [TOOL_START] 工具: 股票代码搜索工具
参数: {}
--------------------------------------------------
[2025-12-26T11:41:02.352226] [TOOL_FINISH] 工具: 股票代码搜索工具
结果: [{"代码": "600519", "名称": "贵州茅台", "最新价": 1400.9, "涨跌幅": -0.49}]...
--------------------------------------------------
[2025-12-26T11:41:10.726834] [TOOL_START] 工具: 资金流数据采集工具
参数: {}
--------------------------------------------------
[2025-12-26T11:41:10.806253] [TOOL_FINISH] 工具: 资金流数据采集工具
结果: {"data_ref": "flow_stock_flow_all_stocks_today_hybrid_600519", "file_path": "/Users/mac/dev/personal/br_competition/easystat-webui/backend/data/shared/flow_stock_flow_all_stocks_today_hybrid_600519.json", "saved_at": "2025-12-26 11:41:10", "type": "DataFrame", "rows": 50, "columns": ["code", "name", "flow_type", "market_type", "period", "crawl_time", "latest_price", "change_percentage", "main_flow_net_amount", "main_flow_net_percentage", "extra_large_order_flow_net_amount", "extra_large_order_fl...
--------------------------------------------------
[2025-12-26T11:41:16.518106] [AGENT_COMPLETE] 智能体: 金融数据采集专家
输出: {"data_ref": "flow_stock_flow_all_stocks_today_hybrid_600519", "file_path": "/Users/mac/dev/personal/br_competition/easystat-webui/backend/data/shared/flow_stock_flow_all_stocks_today_hybrid_600519.json", "saved_at": "2025-12-26 11:41:10", "type": "DataFrame", "rows": 50, "columns": ["code", "name", "flow_type", "market_type", "period", "crawl_time", "latest_price", "change_percentage", "main_flow_net_amount", "main_flow_net_percentage", "extra_large_order_flow_net_amount", "extra_large_order_fl...
--------------------------------------------------
[2025-12-26T11:41:16.527319] [TASK_COMPLETE] 任务完成: fetch_capital_flow_task
--------------------------------------------------
