=== EasySTAT 执行日志 [2025-12-26 12:55:07] ===

[2025-12-26T12:55:08.537704] [TASK_START] 任务开始: search_stock_code_task
--------------------------------------------------
[2025-12-26T12:55:08.538017] [AGENT_START] 智能体: 金融数据采集专家
任务: 【用户原始需求】分析茅台股票
当用户提供股票名称（如"茅台"、"平安银行"）而非代码时，使用股票搜索工具查找对应代码。 这是后续所有采集任务的基础，必须首先执行。
--------------------------------------------------
[2025-12-26T12:55:17.830316] [TOOL_START] 工具: 股票代码搜索工具
参数: {}
--------------------------------------------------
[2025-12-26T12:55:17.850316] [TOOL_FINISH] 工具: 股票代码搜索工具
结果: [{"代码": "600519", "名称": "贵州茅台", "最新价": 1400.9, "涨跌幅": -0.49}]...
--------------------------------------------------
[2025-12-26T12:55:20.153714] [TASK_COMPLETE] 任务完成: search_stock_code_task
--------------------------------------------------
[2025-12-26T12:55:20.153813] [AGENT_COMPLETE] 智能体: 金融数据采集专家
输出: [{"代码": "600519", "名称": "贵州茅台", "最新价": 1400.9}]...
--------------------------------------------------
[2025-12-26T12:55:20.159358] [TASK_START] 任务开始: fetch_capital_flow_task
--------------------------------------------------
[2025-12-26T12:55:20.163623] [AGENT_START] 智能体: 金融数据采集专家
任务: 【用户原始需求】分析茅台股票
直接使用 search_stock_code_task 获取的确切股票代码。 你必须将股票代码作为 'stock_code' 参数传递给资金流采集工具。 默认参数：flow_type="Stock_Flow", market_type="All_Stocks", period="today"。 工具会返回一个混合数据结构（Hybrid Data），包含该股票的详细数据和市场热度排行。
--------------------------------------------------
[2025-12-26T12:55:29.886070] [TOOL_START] 工具: 股票代码搜索工具
参数: {}
--------------------------------------------------
[2025-12-26T12:55:29.891895] [TOOL_FINISH] 工具: 股票代码搜索工具
结果: [{"代码": "600519", "名称": "贵州茅台", "最新价": 1400.9, "涨跌幅": -0.49}]...
--------------------------------------------------
[2025-12-26T12:55:42.996742] [TOOL_START] 工具: 资金流数据采集工具
参数: {}
--------------------------------------------------
[2025-12-26T12:55:43.176839] [TOOL_FINISH] 工具: 资金流数据采集工具
结果: {"data_ref": "flow_stock_flow_all_stocks_today_hybrid_600519", "file_path": "/Users/mac/dev/personal/br_competition/easystat-webui/backend/data/shared/flow_stock_flow_all_stocks_today_hybrid_600519.json", "saved_at": "2025-12-26 12:55:43", "type": "DataFrame", "rows": 50, "columns": ["code", "name", "flow_type", "market_type", "period", "crawl_time", "latest_price", "change_percentage", "main_flow_net_amount", "main_flow_net_percentage", "extra_large_order_flow_net_amount", "extra_large_order_fl...
--------------------------------------------------
[2025-12-26T12:55:48.233042] [AGENT_COMPLETE] 智能体: 金融数据采集专家
输出: {"data_ref": "flow_stock_flow_all_stocks_today_hybrid_600519", "file_path": "/Users/mac/dev/personal/br_competition/easystat-webui/backend/data/shared/flow_stock_flow_all_stocks_today_hybrid_600519.json", "saved_at": "2025-12-26 12:55:43", "type": "DataFrame", "rows": 50, "columns": ["code", "name", "flow_type", "market_type", "period", "crawl_time", "latest_price", "change_percentage", "main_flow_net_amount", "main_flow_net_percentage", "extra_large_order_flow_net_amount", "extra_large_order_fl...
--------------------------------------------------
[2025-12-26T12:55:48.232942] [TASK_COMPLETE] 任务完成: fetch_capital_flow_task
--------------------------------------------------
[2025-12-26T12:55:48.240362] [TASK_START] 任务开始: fetch_ohlcv_task
--------------------------------------------------
[2025-12-26T12:55:48.244854] [AGENT_START] 智能体: 金融数据采集专家
任务: 【用户原始需求】分析茅台股票
直接使用 search_stock_code_task 获取的确切股票代码，严禁再次调用搜索工具。 获取 A 股历史 K 线数据（支持前复权）。 默认参数：period='daily', adjust='qfq' (前复权), start_date='20230101', end_date='20500101'。 工具会自动将数据保存到数据总线，并返回数据引用（data_ref）。 你必须将返回的原始数据引用 JSON 完整传递给下游工具，严禁自行构造或修改 data_ref。
--------------------------------------------------
