=== EasySTAT 执行日志 [2025-12-26 00:43:12] ===

[2025-12-26T00:43:13.214051] [TASK_START] 任务开始: search_stock_code_task
--------------------------------------------------
[2025-12-26T00:43:13.214387] [AGENT_START] 智能体: 金融数据采集专家
任务: 当用户提供股票名称（如"茅台"、"平安银行"）而非代码时，使用股票搜索工具查找对应代码。 这是后续所有采集任务的基础，必须首先执行。
--------------------------------------------------
[2025-12-26T00:43:18.133566] [AGENT_COMPLETE] 智能体: 金融数据采集专家
输出: 请提供您想要查询的股票名称（如"茅台"、"平安银行"）或其他数据需求，我将为您查找对应代码并采集相关数据。...
--------------------------------------------------
[2025-12-26T00:43:18.137542] [TASK_COMPLETE] 任务完成: search_stock_code_task
--------------------------------------------------
[2025-12-26T00:43:18.139249] [TASK_START] 任务开始: fetch_capital_flow_task
--------------------------------------------------
[2025-12-26T00:43:18.141911] [AGENT_START] 智能体: 金融数据采集专家
任务: 直接使用 search_stock_code_task 获取的确切股票代码，严禁再次调用搜索工具。 识别需要查询的股票或板块，使用资金流采集工具获取相关数据。 如果你的工具不能满足用户的需求，你需要告诉用户更新提示词，而不是尝试使用其他工具。
--------------------------------------------------
[2025-12-26T00:43:21.437348] [AGENT_COMPLETE] 智能体: 金融数据采集专家
输出: 请提供需要查询的具体股票名称或代码，以便我根据要求获取相应的资金流数据。当前任务未包含确切股票代码，无法继续执行。...
--------------------------------------------------
[2025-12-26T00:43:21.441625] [TASK_COMPLETE] 任务完成: fetch_capital_flow_task
--------------------------------------------------
[2025-12-26T00:43:21.445964] [TASK_START] 任务开始: fetch_ohlcv_task
--------------------------------------------------
[2025-12-26T00:43:21.447716] [AGENT_START] 智能体: 金融数据采集专家
任务: 直接使用 search_stock_code_task 获取的确切股票代码，严禁再次调用搜索工具。 获取 A 股历史 K 线数据（支持前复权）。 工具会自动将数据保存到数据总线，并返回数据引用（data_ref）。 你必须将返回的原始数据引用 JSON 完整传递给下游工具，严禁自行构造或修改 data_ref。
--------------------------------------------------
[2025-12-26T00:43:25.001449] [TOOL_START] 工具: K线数据获取工具
参数: {}
--------------------------------------------------
[2025-12-26T00:43:25.097292] [TOOL_FINISH] 工具: K线数据获取工具
结果: {"data_ref": "ohlcv_hist_600519", "file_path": "/Users/mac/dev/personal/br_competition/easystat-webui/backend/data/shared/ohlcv_hist_600519.json", "rows": 242, "columns": ["Date", "股票代码", "Open", "Close", "High", "Low", "Volume", "Amount", "Amplitude", "QuoteChange", "PriceChange", "Turnover", "stock_code"], "date_range": {"start": "2023-01-03", "end": "2023-12-29"}, "saved_at": "2025-12-26 00:43:25"}...
--------------------------------------------------
[2025-12-26T00:43:29.627513] [AGENT_COMPLETE] 智能体: 金融数据采集专家
输出: {"data_ref": "ohlcv_hist_600519", "file_path": "/Users/mac/dev/personal/br_competition/easystat-webui/backend/data/shared/ohlcv_hist_600519.json", "rows": 242, "columns": ["Date", "股票代码", "Open", "Close", "High", "Low", "Volume", "Amount", "Amplitude", "QuoteChange", "PriceChange", "Turnover", "stock_code"], "date_range": {"start": "2023-01-03", "end": "2023-12-29"}, "saved_at": "2025-12-26 00:43:25"}...
--------------------------------------------------
[2025-12-26T00:43:29.632234] [TASK_COMPLETE] 任务完成: fetch_ohlcv_task
--------------------------------------------------
[2025-12-26T00:43:29.633692] [TASK_START] 任务开始: fetch_macro_data_task
--------------------------------------------------
[2025-12-26T00:43:29.635516] [AGENT_START] 智能体: 金融数据采集专家
任务: 根据分析对象的行业属性，自主选择 1-2 个最相关的宏观经济指标进行采集。 支持的指标：gdp, cpi, ppi, pmi, m2, lpr, shrzgm, rmb。 如果分析对象不需要宏观数据支持，你可以选择返回 "skipped"。 如果用户明确要求全量分析，则采集所有 8 个指标。
--------------------------------------------------
