=== EasySTAT 执行日志 [2025-12-29 14:06:24] ===

[2025-12-29T14:06:24.906484] [TASK_START] 任务开始: search_stock_code_task
--------------------------------------------------
[2025-12-29T14:06:24.906933] [AGENT_START] 智能体: 金融数据采集专家
任务: 【用户原始需求】分析茅台股票
当用户提供股票名称（如"茅台"、"平安银行"）而非代码时，使用股票搜索工具查找对应代码。 这是后续所有采集任务的基础，必须首先执行。
--------------------------------------------------
[2025-12-29T14:06:35.732314] [TOOL_START] 工具: 股票代码搜索工具
参数: {}
--------------------------------------------------
[2025-12-29T14:06:35.748188] [TOOL_FINISH] 工具: 股票代码搜索工具
结果: [{"代码": "600519", "名称": "贵州茅台", "最新价": 1403.09, "涨跌幅": -0.78}]...
--------------------------------------------------
[2025-12-29T14:06:39.279814] [AGENT_COMPLETE] 智能体: 金融数据采集专家
输出: [{"代码": "600519", "名称": "贵州茅台", "最新价": 1403.09}]...
--------------------------------------------------
[2025-12-29T14:06:39.282711] [TASK_COMPLETE] 任务完成: search_stock_code_task
--------------------------------------------------
[2025-12-29T14:06:39.284476] [TASK_START] 任务开始: fetch_capital_flow_task
--------------------------------------------------
[2025-12-29T14:06:39.287500] [AGENT_START] 智能体: 金融数据采集专家
任务: 【用户原始需求】分析茅台股票
直接使用 search_stock_code_task 获取的确切股票代码。 你必须将股票代码作为 'stock_code' 参数传递给资金流采集工具。 默认参数：flow_type="Stock_Flow", market_type="All_Stocks", period="today"。 注意：本任务旨在采集目标标的的交易明细与资金流向数据，将其作为市场流动性与投资者结构的代理变量（Proxy Variable）。
--------------------------------------------------
[2025-12-29T14:06:52.272081] [TOOL_START] 工具: 股票代码搜索工具
参数: {}
--------------------------------------------------
[2025-12-29T14:06:52.272130] [TOOL_FINISH] 工具: 股票代码搜索工具
结果: [{"代码": "600519", "名称": "贵州茅台", "最新价": 1403.09, "涨跌幅": -0.78}]...
--------------------------------------------------
