=== EasySTAT 执行日志 [2025-12-26 12:16:43] ===

[2025-12-26T12:16:43.921273] [TASK_START] 任务开始: search_stock_code_task
--------------------------------------------------
[2025-12-26T12:16:43.921608] [AGENT_START] 智能体: 金融数据采集专家
任务: 【用户原始需求】分析茅台股票
当用户提供股票名称（如"茅台"、"平安银行"）而非代码时，使用股票搜索工具查找对应代码。 这是后续所有采集任务的基础，必须首先执行。
--------------------------------------------------
[2025-12-26T12:16:52.506085] [TOOL_START] 工具: 股票代码搜索工具
参数: {}
--------------------------------------------------
[2025-12-26T12:16:52.522429] [TOOL_FINISH] 工具: 股票代码搜索工具
结果: [{"代码": "600519", "名称": "贵州茅台", "最新价": 1400.9, "涨跌幅": -0.49}]...
--------------------------------------------------
[2025-12-26T12:16:55.120114] [AGENT_COMPLETE] 智能体: 金融数据采集专家
输出: [{"代码": "600519", "名称": "贵州茅台", "最新价": 1400.9}]...
--------------------------------------------------
[2025-12-26T12:16:55.124518] [TASK_COMPLETE] 任务完成: search_stock_code_task
--------------------------------------------------
[2025-12-26T12:16:55.128057] [TASK_START] 任务开始: fetch_capital_flow_task
--------------------------------------------------
[2025-12-26T12:16:55.131448] [AGENT_START] 智能体: 金融数据采集专家
任务: 【用户原始需求】分析茅台股票
直接使用 search_stock_code_task 获取的确切股票代码。 你必须将股票代码作为 'stock_code' 参数传递给资金流采集工具。 默认参数：flow_type="Stock_Flow", market_type="All_Stocks", period="today"。 工具会返回一个混合数据结构（Hybrid Data），包含该股票的详细数据和市场热度排行。
--------------------------------------------------
[2025-12-26T12:17:05.164627] [TOOL_START] 工具: 股票代码搜索工具
参数: {}
--------------------------------------------------
[2025-12-26T12:17:05.169338] [TOOL_FINISH] 工具: 股票代码搜索工具
结果: [{"代码": "600519", "名称": "贵州茅台", "最新价": 1400.9, "涨跌幅": -0.49}]...
--------------------------------------------------
[2025-12-26T12:17:16.621010] [TOOL_START] 工具: 资金流数据采集工具
参数: {}
--------------------------------------------------
[2025-12-26T12:17:16.745022] [TOOL_START] 工具: 资金流数据采集工具
参数: {}
--------------------------------------------------
[2025-12-26T12:17:16.836293] [TOOL_START] 工具: 资金流数据采集工具
参数: {}
--------------------------------------------------
[2025-12-26T12:17:17.222471] [AGENT_START] 智能体: 金融数据采集专家
任务: 【用户原始需求】分析茅台股票
直接使用 search_stock_code_task 获取的确切股票代码。 你必须将股票代码作为 'stock_code' 参数传递给资金流采集工具。 默认参数：flow_type="Stock_Flow", market_type="All_Stocks", period="today"。 工具会返回一个混合数据结构（Hybrid Data），包含该股票的详细数据和市场热度排行。
--------------------------------------------------
[2025-12-26T12:17:24.609932] [TOOL_START] 工具: 股票代码搜索工具
参数: {}
--------------------------------------------------
[2025-12-26T12:17:24.614387] [TOOL_FINISH] 工具: 股票代码搜索工具
结果: [{"代码": "600519", "名称": "贵州茅台", "最新价": 1400.9, "涨跌幅": -0.49}]...
--------------------------------------------------
