=== EasySTAT 执行日志 [2025-12-29 11:37:42] ===

[2025-12-29T11:37:43.867528] [TASK_START] 任务开始: search_stock_code_task
--------------------------------------------------
[2025-12-29T11:37:43.868280] [AGENT_START] 智能体: 金融数据采集专家
任务: 【用户原始需求】分析茅台股票
当用户提供股票名称（如"茅台"、"平安银行"）而非代码时，使用股票搜索工具查找对应代码。 这是后续所有采集任务的基础，必须首先执行。
--------------------------------------------------
[2025-12-29T11:37:53.575373] [TOOL_START] 工具: 股票代码搜索工具
参数: {}
--------------------------------------------------
[2025-12-29T11:37:53.595666] [TOOL_FINISH] 工具: 股票代码搜索工具
结果: [{"代码": "600519", "名称": "贵州茅台", "最新价": 1400.9, "涨跌幅": -0.49}]...
--------------------------------------------------
[2025-12-29T11:37:56.359751] [TASK_COMPLETE] 任务完成: search_stock_code_task
--------------------------------------------------
[2025-12-29T11:37:56.360081] [AGENT_COMPLETE] 智能体: 金融数据采集专家
输出: [{"代码": "600519", "名称": "贵州茅台", "最新价": 1400.9, "涨跌幅": -0.49}]...
--------------------------------------------------
[2025-12-29T11:37:56.367093] [TASK_START] 任务开始: fetch_capital_flow_task
--------------------------------------------------
[2025-12-29T11:37:56.369961] [AGENT_START] 智能体: 金融数据采集专家
任务: 【用户原始需求】分析茅台股票
直接使用 search_stock_code_task 获取的确切股票代码。 你必须将股票代码作为 'stock_code' 参数传递给资金流采集工具。 默认参数：flow_type="Stock_Flow", market_type="All_Stocks", period="today"。 注意：本任务旨在采集目标标的的交易明细与资金流向数据，将其作为市场流动性与投资者结构的代理变量（Proxy Variable）。
--------------------------------------------------
[2025-12-29T11:38:07.051806] [TOOL_START] 工具: 股票代码搜索工具
参数: {}
--------------------------------------------------
[2025-12-29T11:38:07.055104] [TOOL_FINISH] 工具: 股票代码搜索工具
结果: [{"代码": "600519", "名称": "贵州茅台", "最新价": 1400.9, "涨跌幅": -0.49}]...
--------------------------------------------------
[2025-12-29T11:38:16.477420] [TOOL_FINISH] 工具: 资金流数据采集工具
结果: {"error": "无法导入 crawler 模块，请检查路径配置"}...
--------------------------------------------------
[2025-12-29T11:38:16.478115] [TOOL_START] 工具: 资金流数据采集工具
参数: {}
--------------------------------------------------
